	Command being timed: "python /home/nselem/competitiveMultiSpecies/src/comp_plot.py /home/nselem/competitiveMultiSpecies metagenome.SGD multi_species /home/nselem/competitiveMultiSpecies/plots/multi_species /home/nselem/competitiveMultiSpecies/list_chrs/multi_species.chrs.list"
	User time (seconds): 9.06
	System time (seconds): 0.54
	Percent of CPU this job got: 99%
	Elapsed (wall clock) time (h:mm:ss or m:ss): 0:09.61
	Average shared text size (kbytes): 0
	Average unshared data size (kbytes): 0
	Average stack size (kbytes): 0
	Average total size (kbytes): 0
	Maximum resident set size (kbytes): 511856
	Average resident set size (kbytes): 0
	Major (requiring I/O) page faults: 0
	Minor (reclaiming a frame) page faults: 252294
	Voluntary context switches: 148
	Involuntary context switches: 282
	Swaps: 0
	File system inputs: 0
	File system outputs: 1280
	Socket messages sent: 0
	Socket messages received: 0
	Signals delivered: 0
	Page size (bytes): 4096
	Exit status: 0
