++ pwd
+ source /home/nselem/competitiveMultiSpecies/config
+++ pwd
++ BaseDir=/home/nselem/competitiveMultiSpecies
++ srcDir=/home/nselem/competitiveMultiSpecies/src
++ archiveYes=no
++ typeReads=long
++ genomesDir=/home/nselem/competitiveMultiSpecies/genomes
++ sacchDir=/home/nselem/competitiveMultiSpecies/genomes/sacch
++ outDir=/home/shared/onsimulation/metagenome/100simulation/Sce4Mock_100_1M/SGD/bam
++ fastqDir=/home/shared/onsimulation/metagenome/100simulation/Sce4Mock_100_1M/SGD
++ nThreads=4
++ add=4
++ nSamples=20
++ nBatch=20
++ bin_step=10000
++ lengthChrsDir=/home/nselem/competitiveMultiSpecies/length_chrs
++ listChrsDir=/home/nselem/competitiveMultiSpecies/list_chrs
++ bedDir=/home/nselem/competitiveMultiSpecies/bed
++ mapDir=/home/nselem/competitiveMultiSpecies/map
++ cpsDir=/home/nselem/competitiveMultiSpecies/cps
++ covDir=/home/nselem/competitiveMultiSpecies/cov
++ repDir=/home/nselem/competitiveMultiSpecies/rep
++ logsDir=/home/nselem/competitiveMultiSpecies/logs
++ tmpDir=/home/nselem/competitiveMultiSpecies/tmp
++ plotDir=/home/nselem/competitiveMultiSpecies/plots
++ multiFastaDir=/home/nselem/competitiveMultiSpecies/genomes/multifasta
++ checkFile=/home/nselem/competitiveMultiSpecies/cps/cps.txt
++ FILE=/home/nselem/competitiveMultiSpecies/file
++ conda info --base
Unexpected error writing token file:
  path: /home/nselem/.conda/aau_token_host
  exception: write() argument must be str, not None
+ source /home/nselem/miniconda3/etc/profile.d/conda.sh
++ export CONDA_EXE=/home/nselem/miniconda3/bin/conda
++ CONDA_EXE=/home/nselem/miniconda3/bin/conda
++ export _CONDA_EXE=/home/nselem/miniconda3/bin/conda
++ _CONDA_EXE=/home/nselem/miniconda3/bin/conda
++ export _CE_M=
++ _CE_M=
++ export _CE_CONDA=
++ _CE_CONDA=
++ export CONDA_PYTHON_EXE=/home/nselem/miniconda3/bin/python
++ CONDA_PYTHON_EXE=/home/nselem/miniconda3/bin/python
++ export _CONDA_ROOT=/home/nselem/miniconda3
++ _CONDA_ROOT=/home/nselem/miniconda3
++ '[' -z x ']'
+ IndS=metagenome.SGD
+ [[ -z metagenome.SGD ]]
+ grep -qw metagenome.SGD /home/nselem/competitiveMultiSpecies/cps/cps.txt
++ find /home/shared/onsimulation/metagenome/100simulation/Sce4Mock_100_1M/SGD -name 'metagenome.SGD*.fastq.gz'
++ head -n1
+ inputFile=/home/shared/onsimulation/metagenome/100simulation/Sce4Mock_100_1M/SGD/metagenome.SGD.fastq.gz
+ [[ ! -f /home/shared/onsimulation/metagenome/100simulation/Sce4Mock_100_1M/SGD/metagenome.SGD.fastq.gz ]]
+ conda activate minimap2
+ local cmd=activate
+ case "$cmd" in
+ __conda_activate activate minimap2
+ '[' -n '' ']'
+ local ask_conda
++ PS1=
++ __conda_exe shell.posix activate minimap2
++ '[' -n '' ']'
++ /home/nselem/miniconda3/bin/conda shell.posix activate minimap2
+ ask_conda='. "/home/nselem/miniconda3/envs/simmeta/etc/conda/deactivate.d/libglib_deactivate.sh"
. "/home/nselem/miniconda3/envs/simmeta/etc/conda/deactivate.d/deactivate-r-base.sh"
export _CE_M='\'''\''
export _CE_CONDA='\'''\''
PS1='\''(minimap2) '\''
export PATH='\''/home/nselem/miniconda3/envs/minimap2/bin:/home/nselem/miniconda3/condabin:/home/tools/bin:/usr/local/sbin:/usr/local/bin:/usr/sbin:/usr/bin:/sbin:/bin:/usr/games:/usr/local/games:/snap/bin'\''
export CONDA_PREFIX='\''/home/nselem/miniconda3/envs/minimap2'\''
export CONDA_SHLVL='\''3'\''
export CONDA_DEFAULT_ENV='\''minimap2'\''
export CONDA_PROMPT_MODIFIER='\''(minimap2) '\''
export CONDA_PREFIX_2='\''/home/nselem/miniconda3/envs/simmeta'\''
export CONDA_EXE='\''/home/nselem/miniconda3/bin/conda'\''
export _CONDA_EXE='\''/home/nselem/miniconda3/bin/conda'\''
export CONDA_PYTHON_EXE='\''/home/nselem/miniconda3/bin/python'\''
export _CONDA_ROOT='\''/home/nselem/miniconda3'\'''
+ eval '. "/home/nselem/miniconda3/envs/simmeta/etc/conda/deactivate.d/libglib_deactivate.sh"
. "/home/nselem/miniconda3/envs/simmeta/etc/conda/deactivate.d/deactivate-r-base.sh"
export _CE_M='\'''\''
export _CE_CONDA='\'''\''
PS1='\''(minimap2) '\''
export PATH='\''/home/nselem/miniconda3/envs/minimap2/bin:/home/nselem/miniconda3/condabin:/home/tools/bin:/usr/local/sbin:/usr/local/bin:/usr/sbin:/usr/bin:/sbin:/bin:/usr/games:/usr/local/games:/snap/bin'\''
export CONDA_PREFIX='\''/home/nselem/miniconda3/envs/minimap2'\''
export CONDA_SHLVL='\''3'\''
export CONDA_DEFAULT_ENV='\''minimap2'\''
export CONDA_PROMPT_MODIFIER='\''(minimap2) '\''
export CONDA_PREFIX_2='\''/home/nselem/miniconda3/envs/simmeta'\''
export CONDA_EXE='\''/home/nselem/miniconda3/bin/conda'\''
export _CONDA_EXE='\''/home/nselem/miniconda3/bin/conda'\''
export CONDA_PYTHON_EXE='\''/home/nselem/miniconda3/bin/python'\''
export _CONDA_ROOT='\''/home/nselem/miniconda3'\'''
++ . /home/nselem/miniconda3/envs/simmeta/etc/conda/deactivate.d/libglib_deactivate.sh
+++ export GSETTINGS_SCHEMA_DIR=
+++ GSETTINGS_SCHEMA_DIR=
+++ unset GSETTINGS_SCHEMA_DIR_CONDA_BACKUP
+++ '[' -z ']'
+++ unset GSETTINGS_SCHEMA_DIR
++ . /home/nselem/miniconda3/envs/simmeta/etc/conda/deactivate.d/deactivate-r-base.sh
+++ '[' -n '' ']'
+++ unset RSTUDIO_WHICH_R
++ export _CE_M=
++ _CE_M=
++ export _CE_CONDA=
++ _CE_CONDA=
++ PS1='(minimap2) '
++ export PATH=/home/nselem/miniconda3/envs/minimap2/bin:/home/nselem/miniconda3/condabin:/home/tools/bin:/usr/local/sbin:/usr/local/bin:/usr/sbin:/usr/bin:/sbin:/bin:/usr/games:/usr/local/games:/snap/bin
++ PATH=/home/nselem/miniconda3/envs/minimap2/bin:/home/nselem/miniconda3/condabin:/home/tools/bin:/usr/local/sbin:/usr/local/bin:/usr/sbin:/usr/bin:/sbin:/bin:/usr/games:/usr/local/games:/snap/bin
++ export CONDA_PREFIX=/home/nselem/miniconda3/envs/minimap2
++ CONDA_PREFIX=/home/nselem/miniconda3/envs/minimap2
++ export CONDA_SHLVL=3
++ CONDA_SHLVL=3
++ export CONDA_DEFAULT_ENV=minimap2
++ CONDA_DEFAULT_ENV=minimap2
++ export 'CONDA_PROMPT_MODIFIER=(minimap2) '
++ CONDA_PROMPT_MODIFIER='(minimap2) '
++ export CONDA_PREFIX_2=/home/nselem/miniconda3/envs/simmeta
++ CONDA_PREFIX_2=/home/nselem/miniconda3/envs/simmeta
++ export CONDA_EXE=/home/nselem/miniconda3/bin/conda
++ CONDA_EXE=/home/nselem/miniconda3/bin/conda
++ export _CONDA_EXE=/home/nselem/miniconda3/bin/conda
++ _CONDA_EXE=/home/nselem/miniconda3/bin/conda
++ export CONDA_PYTHON_EXE=/home/nselem/miniconda3/bin/python
++ CONDA_PYTHON_EXE=/home/nselem/miniconda3/bin/python
++ export _CONDA_ROOT=/home/nselem/miniconda3
++ _CONDA_ROOT=/home/nselem/miniconda3
+ __conda_hashr
+ '[' -n '' ']'
+ '[' -n '' ']'
+ hash -r
+ for filepath in "$multiFastaDir"/*.fa
++ basename /home/nselem/competitiveMultiSpecies/genomes/multifasta/multi_species.fa
+ filename=multi_species.fa
+ nameID=multi_species
+ mkdir -p /home/nselem/competitiveMultiSpecies/map/multi_species
+ mapDirName=/home/nselem/competitiveMultiSpecies/map/multi_species
++ ls /home/nselem/competitiveMultiSpecies/rep/multi_species/multi_species.fa
++ head -n1
+ IndR=/home/nselem/competitiveMultiSpecies/rep/multi_species/multi_species.fa
++ basename /home/nselem/competitiveMultiSpecies/rep/multi_species/multi_species.fa
++ cut -d . -f1
+ refID=multi_species
+ minimap2 -t 4 -a -x map-ont /home/nselem/competitiveMultiSpecies/rep/multi_species/multi_species.fa /home/shared/onsimulation/metagenome/100simulation/Sce4Mock_100_1M/SGD/metagenome.SGD.fastq.gz
+ samtools view -q 60 -@ 4 -Obam,level=1 -o /home/nselem/competitiveMultiSpecies/map/multi_species/metagenome.SGD.multi_species.bam
[M::mm_idx_gen::5.367*1.63] collected minimizers
[M::mm_idx_gen::6.598*2.07] sorted minimizers
[M::main::6.598*2.07] loaded/built the index for 443 target sequence(s)
[M::mm_mapopt_update::7.486*1.94] mid_occ = 47
[M::mm_idx_stat] kmer size: 15; skip: 10; is_hpc: 0; #seq: 443
[M::mm_idx_stat::8.017*1.88] distinct minimizers: 56223982 (66.04% are singletons); average occurrences: 1.731; average spacing: 5.350; total length: 520813694
[M::worker_pipeline::8.039*1.88] mapped 5 sequences
[M::main] Version: 2.22-r1101
[M::main] CMD: minimap2 -t 4 -a -x map-ont /home/nselem/competitiveMultiSpecies/rep/multi_species/multi_species.fa /home/shared/onsimulation/metagenome/100simulation/Sce4Mock_100_1M/SGD/metagenome.SGD.fastq.gz
[M::main] Real time: 8.281 sec; CPU: 15.338 sec; Peak RSS: 4.245 GB
+ samtools sort -l 1 -@ 4 /home/nselem/competitiveMultiSpecies/map/multi_species/metagenome.SGD.multi_species.bam -T /home/nselem/competitiveMultiSpecies/tmp/metagenome.SGD.multi_species.tmp -o /home/nselem/competitiveMultiSpecies/map/multi_species/metagenome.SGD.multi_species.srt.bam
+ rm -f /home/nselem/competitiveMultiSpecies/map/multi_species/metagenome.SGD.multi_species.bam
+ samtools markdup -@ 4 -Obam,level=1 /home/nselem/competitiveMultiSpecies/map/multi_species/metagenome.SGD.multi_species.srt.bam /home/nselem/competitiveMultiSpecies/map/multi_species/metagenome.SGD.multi_species.multi_species.temp.bam
+ rm -f /home/nselem/competitiveMultiSpecies/map/multi_species/metagenome.SGD.multi_species.srt.bam
+ samtools view -@ 4 -F 3328 -Obam,level=1 /home/nselem/competitiveMultiSpecies/map/multi_species/metagenome.SGD.multi_species.multi_species.temp.bam -o /home/nselem/competitiveMultiSpecies/map/multi_species/metagenome.SGD.multi_species.multi_species.bam
+ rm -f /home/nselem/competitiveMultiSpecies/map/multi_species/metagenome.SGD.multi_species.multi_species.temp.bam
+ samtools index /home/nselem/competitiveMultiSpecies/map/multi_species/metagenome.SGD.multi_species.multi_species.bam
+ conda deactivate
+ local cmd=deactivate
+ case "$cmd" in
+ __conda_activate deactivate
+ '[' -n '' ']'
+ local ask_conda
++ PS1='(minimap2) '
++ __conda_exe shell.posix deactivate
++ '[' -n '' ']'
++ /home/nselem/miniconda3/bin/conda shell.posix deactivate
+ ask_conda='export PATH='\''/home/nselem/miniconda3/envs/simmeta/bin:/home/nselem/miniconda3/condabin:/home/tools/bin:/usr/local/sbin:/usr/local/bin:/usr/sbin:/usr/bin:/sbin:/bin:/usr/games:/usr/local/games:/snap/bin'\''
export CONDA_PREFIX_2='\'''\''
export _CE_M='\'''\''
export _CE_CONDA='\'''\''
PS1='\''(simmeta) '\''
export CONDA_PREFIX='\''/home/nselem/miniconda3/envs/simmeta'\''
export CONDA_SHLVL='\''2'\''
export CONDA_DEFAULT_ENV='\''simmeta'\''
export CONDA_PROMPT_MODIFIER='\''(simmeta) '\''
export CONDA_EXE='\''/home/nselem/miniconda3/bin/conda'\''
export _CONDA_EXE='\''/home/nselem/miniconda3/bin/conda'\''
export CONDA_PYTHON_EXE='\''/home/nselem/miniconda3/bin/python'\''
export _CONDA_ROOT='\''/home/nselem/miniconda3'\''
. "/home/nselem/miniconda3/envs/simmeta/etc/conda/activate.d/activate-r-base.sh"
. "/home/nselem/miniconda3/envs/simmeta/etc/conda/activate.d/libglib_activate.sh"'
+ eval 'export PATH='\''/home/nselem/miniconda3/envs/simmeta/bin:/home/nselem/miniconda3/condabin:/home/tools/bin:/usr/local/sbin:/usr/local/bin:/usr/sbin:/usr/bin:/sbin:/bin:/usr/games:/usr/local/games:/snap/bin'\''
export CONDA_PREFIX_2='\'''\''
export _CE_M='\'''\''
export _CE_CONDA='\'''\''
PS1='\''(simmeta) '\''
export CONDA_PREFIX='\''/home/nselem/miniconda3/envs/simmeta'\''
export CONDA_SHLVL='\''2'\''
export CONDA_DEFAULT_ENV='\''simmeta'\''
export CONDA_PROMPT_MODIFIER='\''(simmeta) '\''
export CONDA_EXE='\''/home/nselem/miniconda3/bin/conda'\''
export _CONDA_EXE='\''/home/nselem/miniconda3/bin/conda'\''
export CONDA_PYTHON_EXE='\''/home/nselem/miniconda3/bin/python'\''
export _CONDA_ROOT='\''/home/nselem/miniconda3'\''
. "/home/nselem/miniconda3/envs/simmeta/etc/conda/activate.d/activate-r-base.sh"
. "/home/nselem/miniconda3/envs/simmeta/etc/conda/activate.d/libglib_activate.sh"'
++ export PATH=/home/nselem/miniconda3/envs/simmeta/bin:/home/nselem/miniconda3/condabin:/home/tools/bin:/usr/local/sbin:/usr/local/bin:/usr/sbin:/usr/bin:/sbin:/bin:/usr/games:/usr/local/games:/snap/bin
++ PATH=/home/nselem/miniconda3/envs/simmeta/bin:/home/nselem/miniconda3/condabin:/home/tools/bin:/usr/local/sbin:/usr/local/bin:/usr/sbin:/usr/bin:/sbin:/bin:/usr/games:/usr/local/games:/snap/bin
++ export CONDA_PREFIX_2=
++ CONDA_PREFIX_2=
++ export _CE_M=
++ _CE_M=
++ export _CE_CONDA=
++ _CE_CONDA=
++ PS1='(simmeta) '
++ export CONDA_PREFIX=/home/nselem/miniconda3/envs/simmeta
++ CONDA_PREFIX=/home/nselem/miniconda3/envs/simmeta
++ export CONDA_SHLVL=2
++ CONDA_SHLVL=2
++ export CONDA_DEFAULT_ENV=simmeta
++ CONDA_DEFAULT_ENV=simmeta
++ export 'CONDA_PROMPT_MODIFIER=(simmeta) '
++ CONDA_PROMPT_MODIFIER='(simmeta) '
++ export CONDA_EXE=/home/nselem/miniconda3/bin/conda
++ CONDA_EXE=/home/nselem/miniconda3/bin/conda
++ export _CONDA_EXE=/home/nselem/miniconda3/bin/conda
++ _CONDA_EXE=/home/nselem/miniconda3/bin/conda
++ export CONDA_PYTHON_EXE=/home/nselem/miniconda3/bin/python
++ CONDA_PYTHON_EXE=/home/nselem/miniconda3/bin/python
++ export _CONDA_ROOT=/home/nselem/miniconda3
++ _CONDA_ROOT=/home/nselem/miniconda3
++ . /home/nselem/miniconda3/envs/simmeta/etc/conda/activate.d/activate-r-base.sh
+++ R CMD javareconf
+++ '[' -n '' ']'
+++ export RSTUDIO_WHICH_R=/home/nselem/miniconda3/envs/simmeta/bin/R
+++ RSTUDIO_WHICH_R=/home/nselem/miniconda3/envs/simmeta/bin/R
++ . /home/nselem/miniconda3/envs/simmeta/etc/conda/activate.d/libglib_activate.sh
+++ export GSETTINGS_SCHEMA_DIR_CONDA_BACKUP=
+++ GSETTINGS_SCHEMA_DIR_CONDA_BACKUP=
+++ export GSETTINGS_SCHEMA_DIR=/home/nselem/miniconda3/envs/simmeta/share/glib-2.0/schemas
+++ GSETTINGS_SCHEMA_DIR=/home/nselem/miniconda3/envs/simmeta/share/glib-2.0/schemas
+ __conda_hashr
+ '[' -n '' ']'
+ '[' -n '' ']'
+ hash -r
+ echo metagenome.SGD
	Command being timed: "bash /home/nselem/competitiveMultiSpecies/src/map_long.sh metagenome.SGD"
	User time (seconds): 31.35
	System time (seconds): 4.74
	Percent of CPU this job got: 342%
	Elapsed (wall clock) time (h:mm:ss or m:ss): 0:10.55
	Average shared text size (kbytes): 0
	Average unshared data size (kbytes): 0
	Average stack size (kbytes): 0
	Average total size (kbytes): 0
	Maximum resident set size (kbytes): 4451216
	Average resident set size (kbytes): 0
	Major (requiring I/O) page faults: 0
	Minor (reclaiming a frame) page faults: 2014904
	Voluntary context switches: 6438
	Involuntary context switches: 238
	Swaps: 0
	File system inputs: 0
	File system outputs: 928
	Socket messages sent: 0
	Socket messages received: 0
	Signals delivered: 0
	Page size (bytes): 4096
	Exit status: 0
